// Jest Snapshot v1, https://goo.gl/fbAQLP

exports[`<HomePage /> should render and match the snapshot 1`] = `
<div
  class="PageWrapper-az8zmc-0 lideoK"
>
  <h2
    class="H2-egphza-0 dmqvmM"
  >
    Welcome to 
    <span
      class="HomePage__BrandName-i81cdn-0 flwpUB"
    >
      Stringify
    </span>
    <br />
     your home for string collection.
  </h2>
</div>
`;
