// Jest Snapshot v1, https://goo.gl/fbAQLP

exports[`<App /> should render and match the snapshot 1`] = `
<React.Fragment>
  <NavBar />
  <Switch>
    <Route
      component={[Function]}
      exact={true}
      path="/"
    />
    <Route
      component={[Function]}
      exact={true}
      path="/strings"
    />
    <Route
      component={[Function]}
      exact={true}
      path="/strings/new"
    />
    <Redirect
      to="/"
    />
  </Switch>
  <GlobalStyleComponent />
</React.Fragment>
`;
